WP_004111608.1	aai:AARI_04680	35.2	210	134	2	19	227	17	225	1.35e-29	122
WP_004111823.1	gvg:HMPREF0421_20718	100	431	0	0	1	431	1	431	1.32e-310	844
WP_004112121.1	cst:CLOST_0588	56.4	236	101	1	18	253	2	235	1.34e-80	254
WP_004113321.1	vei:Veis_0353	23.8	206	134	5	308	490	10	215	8.70e-07	58.2
WP_004113429.1	dwd:DSCW_47150	31.1	164	101	4	18	178	17	171	1.72e-09	63.9
WP_196227846.1	gvh:HMPREF9231_1083	83.5	394	65	0	11	404	14	407	1.19e-241	668
WP_196227848.1	jli:EXU32_08840	29.3	225	122	9	48	248	141	352	3.77e-10	68.2
WP_196227849.1	gvh:HMPREF9231_0377	92.4	340	26	0	1	340	1	340	1.04e-213	592
WP_230479112.1	cth:Cthe_0797	24.4	353	202	12	51	391	510	809	5.01e-13	77.0
WP_230479416.1	bbp:BBPR_1794	47.2	595	256	15	9	571	96	664	1.22e-146	453
